// Jest Snapshot v1, https://goo.gl/fbAQLP

exports[`GamePage Check whether game header and card displayed 1`] = `ShallowWrapper {}`;
